Arguments: 
  /home/mvaibhav77/.nvm/versions/node/v18.19.0/bin/node /snap/node/8286/bin/yarn.js start

PATH: 
  /home/mvaibhav77/.nvm/versions/node/v18.19.0/bin:/home/mvaibhav77/.cargo/bin:/home/mvaibhav77/.local/bin:/usr/local/sbin:/usr/local/bin:/usr/sbin:/usr/bin:/sbin:/bin:/usr/games:/usr/local/games:/snap/bin:/snap/bin

Yarn version: 
  1.22.19

Node version: 
  18.19.0

Platform: 
  linux x64

Trace: 
  SyntaxError: /home/mvaibhav77/Desktop/CodeSpace/HTF/SummarEase/package.json: Unexpected end of JSON input
      at JSON.parse (<anonymous>)
      at /snap/node/8286/lib/cli.js:1629:59
      at Generator.next (<anonymous>)
      at step (/snap/node/8286/lib/cli.js:310:30)
      at /snap/node/8286/lib/cli.js:321:13

npm manifest: 
  {
    "name": "frontend",
    "version": "0.1.0",
    "private": true,
    "dependencies": {
      "@aws-sdk/client-s3": "^3.511.0",
      "@aws-sdk/types": "^3.511.0",
      "@radix-ui/react-icons": "^1.3.0",
      "@radix-ui/themes": "^2.0.3",
      "@react-pdf/renderer": "^3.3.8",
      "@testing-library/jest-dom": "^5.17.0",
      "@testing-library/react": "^13.4.0",
      "@testing-library/user-event": "^13.5.0",
      "@types/jest": "^27.5.2",
      "@types/node": "^16.18.80",
      "@types/react": "^18.2.55",
      "@types/react-dom": "^18.2.19",
      "@vonage/server-sdk": "^3.12.2",
      "axios": "^1.6.7",
      "buffer": "^6.0.3",
      "dotenv": "^16.4.1",
      "path": "^0.12.7",
      "react": "^18.2.0",
      "react-dom": "^18.2.0",
      "react-dropzone": "^14.2.3",
      "react-pdf": "^7.7.0",
      "react-player": "^2.14.1",
      "react-router-dom": "^6.22.0",
      "react-scripts": "5.0.1",
      "react-slick": "^0.30.1",
      "react-toastify": "^9.1.3",
      "slick-carousel": "^1.8.1",
      "stream": "^0.0.2",
      "typescript": "^4.9.5",
      "web-vitals": "^2.1.4"
    },
    "scripts": {
      "start": "react-scripts start",
      "build": "react-scripts build",
      "test": "react-scripts test",
      "eject": "react-scripts eject"
    },
    "eslintConfig": {
      "extends": [
        "react-app",
        "react-app/jest"
      ]
    },
    "browserslist": {
      "production": [
        ">0.2%",
        "not dead",
        "not op_mini all"
      ],
      "development": [
        "last 1 chrome version",
        "last 1 firefox version",
        "last 1 safari version"
      ]
    },
    "devDependencies": {
      "@types/react-slick": "^0.23.13",
      "autoprefixer": "^10.4.17",
      "postcss": "^8.4.35",
      "tailwindcss": "^3.4.1"
    }
  }

yarn manifest: 
  No manifest

Lockfile: 
  No lockfile
